---
source: crates/husako-dts/src/emitter.rs
assertion_line: 333
expression: output
---
/** Deployment enables declarative updates for Pods and ReplicaSets. */
export class Deployment extends _ResourceBuilder {
  constructor();
  /** Set the resource specification. */
  spec(value: DeploymentSpec): this;
}
