---
source: crates/husako-dts/src/emitter.rs
expression: js
---
class _Container extends _SchemaBuilder {
  name(v) { return this._set("name", v); }
  image(v) { return this._set("image", v); }
  resources(v) { return this._set("resources", v); }
}
export function Container() { return new _Container(); }
