---
source: crates/husako-dts/src/emitter.rs
expression: dts
---
/** A single container within a pod. */
export interface Container extends _SchemaBuilder {
  name(value: string): this;
  image(value: string): this;
  resources(value: ResourceRequirements | import("k8s/_chains").ResourceRequirementsChain): this;
}
export function Container(): Container;
