---
source: crates/husako-dts/src/emitter.rs
expression: output
---
/** Namespace provides a scope for Names. */
export interface Namespace extends _ResourceBuilder {
  /** Set metadata using a chain starter (name(), namespace(), label() from "k8s/meta/v1"). */
  metadata(chain: import("k8s/_chains").MetadataChain): this;
}
export function Namespace(): Namespace;
